------------------------------------------------------------
Timing Analyzer Summary
------------------------------------------------------------

Type  : Slow 1100mV 85C Model Setup 'game_top:game0|plate_render:plate_render0|plate_control:C0|current_state.S1_DRAW'
Slack : -6.156
TNS   : -58.371

Type  : Slow 1100mV 85C Model Setup 'CLOCK_50'
Slack : -3.578
TNS   : -383.414

Type  : Slow 1100mV 85C Model Setup 'VGA|mypll|altpll_component|auto_generated|generic_pll1~PLL_OUTPUT_COUNTER|divclk'
Slack : 34.046
TNS   : 0.000

Type  : Slow 1100mV 85C Model Hold 'CLOCK_50'
Slack : 0.221
TNS   : 0.000

Type  : Slow 1100mV 85C Model Hold 'VGA|mypll|altpll_component|auto_generated|generic_pll1~PLL_OUTPUT_COUNTER|divclk'
Slack : 0.400
TNS   : 0.000

Type  : Slow 1100mV 85C Model Hold 'game_top:game0|plate_render:plate_render0|plate_control:C0|current_state.S1_DRAW'
Slack : 3.035
TNS   : 0.000

Type  : Slow 1100mV 85C Model Minimum Pulse Width 'game_top:game0|plate_render:plate_render0|plate_control:C0|current_state.S1_DRAW'
Slack : 0.293
TNS   : 0.000

Type  : Slow 1100mV 85C Model Minimum Pulse Width 'VGA|mypll|altpll_component|auto_generated|generic_pll1~FRACTIONAL_PLL|vcoph[0]'
Slack : 1.666
TNS   : 0.000

Type  : Slow 1100mV 85C Model Minimum Pulse Width 'CLOCK_50'
Slack : 8.858
TNS   : 0.000

Type  : Slow 1100mV 85C Model Minimum Pulse Width 'VGA|mypll|altpll_component|auto_generated|generic_pll1~PLL_OUTPUT_COUNTER|divclk'
Slack : 18.758
TNS   : 0.000

Type  : Slow 1100mV 0C Model Setup 'game_top:game0|plate_render:plate_render0|plate_control:C0|current_state.S1_DRAW'
Slack : -6.288
TNS   : -59.956

Type  : Slow 1100mV 0C Model Setup 'CLOCK_50'
Slack : -3.279
TNS   : -346.276

Type  : Slow 1100mV 0C Model Setup 'VGA|mypll|altpll_component|auto_generated|generic_pll1~PLL_OUTPUT_COUNTER|divclk'
Slack : 34.159
TNS   : 0.000

Type  : Slow 1100mV 0C Model Hold 'CLOCK_50'
Slack : 0.178
TNS   : 0.000

Type  : Slow 1100mV 0C Model Hold 'VGA|mypll|altpll_component|auto_generated|generic_pll1~PLL_OUTPUT_COUNTER|divclk'
Slack : 0.369
TNS   : 0.000

Type  : Slow 1100mV 0C Model Hold 'game_top:game0|plate_render:plate_render0|plate_control:C0|current_state.S1_DRAW'
Slack : 3.095
TNS   : 0.000

Type  : Slow 1100mV 0C Model Minimum Pulse Width 'game_top:game0|plate_render:plate_render0|plate_control:C0|current_state.S1_DRAW'
Slack : 0.321
TNS   : 0.000

Type  : Slow 1100mV 0C Model Minimum Pulse Width 'VGA|mypll|altpll_component|auto_generated|generic_pll1~FRACTIONAL_PLL|vcoph[0]'
Slack : 1.666
TNS   : 0.000

Type  : Slow 1100mV 0C Model Minimum Pulse Width 'CLOCK_50'
Slack : 8.811
TNS   : 0.000

Type  : Slow 1100mV 0C Model Minimum Pulse Width 'VGA|mypll|altpll_component|auto_generated|generic_pll1~PLL_OUTPUT_COUNTER|divclk'
Slack : 18.741
TNS   : 0.000

Type  : Fast 1100mV 85C Model Setup 'game_top:game0|plate_render:plate_render0|plate_control:C0|current_state.S1_DRAW'
Slack : -3.199
TNS   : -28.760

Type  : Fast 1100mV 85C Model Setup 'CLOCK_50'
Slack : -2.280
TNS   : -243.861

Type  : Fast 1100mV 85C Model Setup 'VGA|mypll|altpll_component|auto_generated|generic_pll1~PLL_OUTPUT_COUNTER|divclk'
Slack : 36.410
TNS   : 0.000

Type  : Fast 1100mV 85C Model Hold 'CLOCK_50'
Slack : 0.156
TNS   : 0.000

Type  : Fast 1100mV 85C Model Hold 'VGA|mypll|altpll_component|auto_generated|generic_pll1~PLL_OUTPUT_COUNTER|divclk'
Slack : 0.216
TNS   : 0.000

Type  : Fast 1100mV 85C Model Hold 'game_top:game0|plate_render:plate_render0|plate_control:C0|current_state.S1_DRAW'
Slack : 1.840
TNS   : 0.000

Type  : Fast 1100mV 85C Model Minimum Pulse Width 'game_top:game0|plate_render:plate_render0|plate_control:C0|current_state.S1_DRAW'
Slack : 0.329
TNS   : 0.000

Type  : Fast 1100mV 85C Model Minimum Pulse Width 'VGA|mypll|altpll_component|auto_generated|generic_pll1~FRACTIONAL_PLL|vcoph[0]'
Slack : 1.666
TNS   : 0.000

Type  : Fast 1100mV 85C Model Minimum Pulse Width 'CLOCK_50'
Slack : 8.806
TNS   : 0.000

Type  : Fast 1100mV 85C Model Minimum Pulse Width 'VGA|mypll|altpll_component|auto_generated|generic_pll1~PLL_OUTPUT_COUNTER|divclk'
Slack : 18.882
TNS   : 0.000

Type  : Fast 1100mV 0C Model Setup 'game_top:game0|plate_render:plate_render0|plate_control:C0|current_state.S1_DRAW'
Slack : -3.067
TNS   : -27.872

Type  : Fast 1100mV 0C Model Setup 'CLOCK_50'
Slack : -1.794
TNS   : -188.680

Type  : Fast 1100mV 0C Model Setup 'VGA|mypll|altpll_component|auto_generated|generic_pll1~PLL_OUTPUT_COUNTER|divclk'
Slack : 36.760
TNS   : 0.000

Type  : Fast 1100mV 0C Model Hold 'CLOCK_50'
Slack : 0.121
TNS   : 0.000

Type  : Fast 1100mV 0C Model Hold 'VGA|mypll|altpll_component|auto_generated|generic_pll1~PLL_OUTPUT_COUNTER|divclk'
Slack : 0.195
TNS   : 0.000

Type  : Fast 1100mV 0C Model Hold 'game_top:game0|plate_render:plate_render0|plate_control:C0|current_state.S1_DRAW'
Slack : 1.851
TNS   : 0.000

Type  : Fast 1100mV 0C Model Minimum Pulse Width 'game_top:game0|plate_render:plate_render0|plate_control:C0|current_state.S1_DRAW'
Slack : 0.367
TNS   : 0.000

Type  : Fast 1100mV 0C Model Minimum Pulse Width 'VGA|mypll|altpll_component|auto_generated|generic_pll1~FRACTIONAL_PLL|vcoph[0]'
Slack : 1.666
TNS   : 0.000

Type  : Fast 1100mV 0C Model Minimum Pulse Width 'CLOCK_50'
Slack : 8.801
TNS   : 0.000

Type  : Fast 1100mV 0C Model Minimum Pulse Width 'VGA|mypll|altpll_component|auto_generated|generic_pll1~PLL_OUTPUT_COUNTER|divclk'
Slack : 18.880
TNS   : 0.000

------------------------------------------------------------
